******************************************************************************
                  TI ARM Linker PC v18.12.1                    
******************************************************************************
>> Linked Mon Apr  8 23:08:00 2019

OUTPUT FILE NAME:   <Lab1.out>
ENTRY POINT SYMBOL: "_c_int00_noargs"  address: 20007495


MEMORY CONFIGURATION

         name            origin    length      used     unused   attr    fill
----------------------  --------  ---------  --------  --------  ----  --------
  SRAM_CODE             20004000   00019000  00003cf6  0001530a  RW X
  SRAM_DATA             2001d000   00023000  0000103b  00021fc5  RW X


SEGMENT ALLOCATION MAP

run origin  load origin   length   init length attrs members
----------  ----------- ---------- ----------- ----- -------
20004000    20004000    00003cf8   00003cf8    r-x
  20004000    20004000    00000400   00000400    r-- .intvecs
  20004400    20004400    000034ae   000034ae    r-x .text
  200078b0    200078b0    00000400   00000400    r-- .const
  20007cb0    20007cb0    00000048   00000048    r-- .cinit
2001d000    2001d000    0000083b   00000000    rw-
  2001d000    2001d000    00000800   00000000    rw- .sysmem
  2001d800    2001d800    00000034   00000000    rw- .data
  2001d834    2001d834    00000007   00000000    rw- .bss
2003f800    2003f800    00000800   00000000    rw-
  2003f800    2003f800    00000800   00000000    rw- .stack


SECTION ALLOCATION MAP

 output                                  attributes/
section   page    origin      length       input sections
--------  ----  ----------  ----------   ----------------
.intvecs   0    20004000    00000400     
                  20004000    00000400     startup_ccs.obj (.intvecs)

.init_array 
*          0    20004000    00000000     UNINITIALIZED

.text      0    20004400    000034ae     
                  20004400    00000a4e     rtsv7M4_T_le_v4SPD16_eabi.lib : _printfi.c.obj (.text:__TI_printfi)
                  20004e4e    00000002                                   : _lock.c.obj (.text:_nop)
                  20004e50    00000398     gpio_if.obj (.text)
                  200051e8    00000348     main.obj (.text)
                  20005530    00000280     uart_if.obj (.text)
                  200057b0    00000270     rtsv7M4_T_le_v4SPD16_eabi.lib : _printfi.c.obj (.text:_pconv_a)
                  20005a20    000001d0                                   : _printfi.c.obj (.text:_pconv_g)
                  20005bf0    000001b6                                   : fd_add_t2.asm.obj (.text)
                  20005da6    00000002                                   : div0.asm.obj (.text)
                  20005da8    00000178     driverlib.a : prcm.obj (.text:PRCMCC3200MCUInit)
                  20005f20    0000013c     rtsv7M4_T_le_v4SPD16_eabi.lib : _printfi.c.obj (.text:_pconv_e)
                  2000605c    00000138     pin_mux_config.obj (.text)
                  20006194    00000136     rtsv7M4_T_le_v4SPD16_eabi.lib : fd_div_t2.asm.obj (.text)
                  200062ca    00000002     --HOLE-- [fill = 0]
                  200062cc    00000124                                   : _printfi.c.obj (.text:fcvt)
                  200063f0    00000110                                   : s_scalbn.c.obj (.text:scalbn)
                  20006500    000000fc                                   : fd_mul_t2.asm.obj (.text)
                  200065fc    000000f4                                   : memory.c.obj (.text:aligned_alloc)
                  200066f0    000000e8                                   : memory.c.obj (.text:free)
                  200067d8    000000d8                                   : memory.c.obj (.text:realloc)
                  200068b0    000000b1                                   : _printfi.c.obj (.text:_ltostr)
                  20006961    00000003     --HOLE-- [fill = 0]
                  20006964    000000a8     driverlib.a : interrupt.obj (.text:IntEnable)
                  20006a0c    0000009c     rtsv7M4_T_le_v4SPD16_eabi.lib : memcpy_t2.asm.obj (.text)
                  20006aa8    00000096                                   : ull_div_t2.asm.obj (.text)
                  20006b3e    00000002     --HOLE-- [fill = 0]
                  20006b40    00000094     driverlib.a : prcm.obj (.text:PRCMPeripheralClockGet)
                  20006bd4    00000088                 : pin.obj (.text:PinConfigSet)
                  20006c5c    00000086     rtsv7M4_T_le_v4SPD16_eabi.lib : fd_cmp_t2.asm.obj (.text:__aeabi_cdcmple)
                  20006ce2    00000086                                   : fd_cmp_t2.asm.obj (.text:__aeabi_cdrcmple)
                  20006d68    00000082     driverlib.a : gpio.obj (.text:GPIOIntTypeSet)
                  20006dea    00000002     --HOLE-- [fill = 0]
                  20006dec    0000007c     rtsv7M4_T_le_v4SPD16_eabi.lib : memory.c.obj (.text:split)
                  20006e68    0000007a                                   : memset_t2.asm.obj (.text)
                  20006ee2    00000076     driverlib.a : uart.obj (.text:UARTConfigSetExpClk)
                  20006f58    0000006e     rtsv7M4_T_le_v4SPD16_eabi.lib : _printfi.c.obj (.text:_mcpy)
                  20006fc6    00000068                                   : copy_decompress_lzss.c.obj (.text:decompress:lzss:__TI_decompress_lzss)
                  2000702e    00000002     --HOLE-- [fill = 0]
                  20007030    00000064                                   : s_frexp.c.obj (.text:frexp)
                  20007094    00000058     driverlib.a : prcm.obj (.text:PRCMPeripheralReset)
                  200070ec    00000056     rtsv7M4_T_le_v4SPD16_eabi.lib : _printfi.c.obj (.text:_pconv_f)
                  20007142    00000002     --HOLE-- [fill = 0]
                  20007144    00000054     driverlib.a : interrupt.obj (.text:IntPrioritySet)
                  20007198    00000054     rtsv7M4_T_le_v4SPD16_eabi.lib : ltoa.c.obj (.text:ltoa)
                  200071ec    00000052                                   : _printfi.c.obj (.text:_ecpy)
                  2000723e    00000002     --HOLE-- [fill = 0]
                  20007240    0000004c                                   : atoi.c.obj (.text:atoi)
                  2000728c    00000048     driverlib.a : gpio.obj (.text:GPIOGetIntNumber)
                  200072d4    00000048     rtsv7M4_T_le_v4SPD16_eabi.lib : fd_toi_t2.asm.obj (.text)
                  2000731c    00000044                                   : autoinit.c.obj (.text:__TI_auto_init_nobinit_nopinit:__TI_auto_init_nobinit_nopinit)
                  20007360    00000040     driverlib.a : pin.obj (.text:PinModeSet)
                  200073a0    00000040     rtsv7M4_T_le_v4SPD16_eabi.lib : vsnprintf.c.obj (.text:vsnprintf)
                  200073e0    0000003e                                   : _printfi.c.obj (.text:_fcpy)
                  2000741e    00000002     --HOLE-- [fill = 0]
                  20007420    0000003c     driverlib.a : prcm.obj (.text:PRCMPeripheralClkEnable)
                  2000745c    00000036                 : gpio.obj (.text:GPIODirModeSet)
                  20007492    00000002     --HOLE-- [fill = 0]
                  20007494    00000034     rtsv7M4_T_le_v4SPD16_eabi.lib : boot_cortex_m.c.obj (.text:_c_int00_noargs:_c_int00_noargs)
                  200074c8    00000030     driverlib.a : pin.obj (.text:PinTypeGPIO)
                  200074f8    00000030                 : uart.obj (.text:UARTDisable)
                  20007528    00000030     rtsv7M4_T_le_v4SPD16_eabi.lib : vsnprintf.c.obj (.text:_outs)
                  20007558    0000002e                                   : i_tofd_t2.asm.obj (.text)
                  20007586    00000002     --HOLE-- [fill = 0]
                  20007588    0000002c     driverlib.a : prcm.obj (.text:PRCMSysResetCauseGet)
                  200075b4    00000028                 : prcm.obj (.text:PRCMPeripheralClkDisable)
                  200075dc    00000028     rtsv7M4_T_le_v4SPD16_eabi.lib : memory.c.obj (.text:free_list_insert)
                  20007604    00000024     driverlib.a : uart.obj (.text:UARTEnable)
                  20007628    00000024     rtsv7M4_T_le_v4SPD16_eabi.lib : memmov.c.obj (.text:memmove)
                  2000764c    00000020     driverlib.a : gpio.obj (.text:GPIOPinWrite)
                  2000766c    00000020                 : interrupt.obj (.text:IntRegister)
                  2000768c    0000001e                 : gpio.obj (.text:GPIOIntRegister)
                  200076aa    0000001e                 : uart.obj (.text:UARTCharPut)
                  200076c8    0000001c                 : uart.obj (.text:UARTCharGetNonBlocking)
                  200076e4    0000001c     rtsv7M4_T_le_v4SPD16_eabi.lib : memory.c.obj (.text:free_list_remove)
                  20007700    0000001c                                   : memccpy.c.obj (.text:memccpy)
                  2000771c    0000001a     driverlib.a : gpio.obj (.text:GPIOIntEnable)
                  20007736    0000001a                 : pin.obj (.text:PinTypeUART)
                  20007750    0000001a     rtsv7M4_T_le_v4SPD16_eabi.lib : s_copysign.c.obj (.text:copysign)
                  2000776a    00000018     driverlib.a : gpio.obj (.text:GPIOPinRead)
                  20007782    00000018                 : uart.obj (.text:UARTCharsAvail)
                  2000779a    00000018     rtsv7M4_T_le_v4SPD16_eabi.lib : vsnprintf.c.obj (.text:_outc)
                  200077b2    00000016     driverlib.a : prcm.obj (.text:PRCMHIBRegRead)
                  200077c8    00000016                 : prcm.obj (.text:PRCMHIBRegWrite)
                  200077de    00000016     rtsv7M4_T_le_v4SPD16_eabi.lib : strchr.c.obj (.text:strchr)
                  200077f4    00000014     driverlib.a : cpu.obj (.text:CPUcpsie)
                  20007808    00000014                 : gpio.obj (.text:GPIOIntClear)
                  2000781c    00000014                 : interrupt.obj (.text:IntVTableBaseSet)
                  20007830    00000014     rtsv7M4_T_le_v4SPD16_eabi.lib : strlen.c.obj (.text:strlen)
                  20007844    00000012                                   : copy_zero_init.c.obj (.text:decompress:ZI:__TI_zero_init_nomemset:__TI_zero_init_nomemset)
                  20007856    00000012                                   : wcslen.c.obj (.text:wcslen)
                  20007868    0000000e                                   : copy_decompress_none.c.obj (.text:decompress:none:__TI_decompress_none)
                  20007876    0000000e     startup_ccs.obj (.text)
                  20007884    0000000a     driverlib.a : interrupt.obj (.text:IntMasterEnable)
                  2000788e    00000002     --HOLE-- [fill = 0]
                  20007890    00000008     rtsv7M4_T_le_v4SPD16_eabi.lib : errno.c.obj (.text:__aeabi_errno_addr)
                  20007898    00000008                                   : memory.c.obj (.text:malloc)
                  200078a0    00000006     driverlib.a : utils.obj (.text:UtilsDelay)
                  200078a6    00000004     rtsv7M4_T_le_v4SPD16_eabi.lib : pre_init.c.obj (.text:_system_pre_init)
                  200078aa    00000004                                   : exit.c.obj (.text:abort:abort)

.const     0    200078b0    00000400     
                  200078b0    00000101     rtsv7M4_T_le_v4SPD16_eabi.lib : ctype.c.obj (.const:.string:_ctypes_)
                  200079b1    00000003     --HOLE-- [fill = 0]
                  200079b4    00000100     driverlib.a : pin.obj (.const:g_ulPinToPadMap)
                  20007ab4    000000d4                 : interrupt.obj (.const:g_pulRegs)
                  20007b88    000000a8                 : prcm.obj (.const:PRCM_PeriphRegsList)
                  20007c30    00000080                 : interrupt.obj (.const)

.cinit     0    20007cb0    00000048     
                  20007cb0    00000020     (.cinit..data.load) [load image, compression = lzss]
                  20007cd0    0000000c     (__TI_handler_table)
                  20007cdc    00000004     --HOLE-- [fill = 0]
                  20007ce0    00000008     (.cinit..bss.load) [load image, compression = zero_init]
                  20007ce8    00000010     (__TI_cinit_table)

.sysmem    0    2001d000    00000800     UNINITIALIZED
                  2001d000    00000010     rtsv7M4_T_le_v4SPD16_eabi.lib : memory.c.obj (.sysmem)
                  2001d010    000007f0     --HOLE--

.data      0    2001d800    00000034     UNINITIALIZED
                  2001d800    00000014     gpio_if.obj (.data:ulReg)
                  2001d814    0000000c     gpio_if.obj (.data)
                  2001d820    00000008     rtsv7M4_T_le_v4SPD16_eabi.lib : _lock.c.obj (.data:$O1$$)
                  2001d828    00000008                                   : memory.c.obj (.data:$O1$$)
                  2001d830    00000004                                   : errno.c.obj (.data)

.bss       0    2001d834    00000007     UNINITIALIZED
                  2001d834    00000004     uart_if.obj (.bss)
                  2001d838    00000001     (.common:g_ucLED1Pin)
                  2001d839    00000001     (.common:g_ucLED2Pin)
                  2001d83a    00000001     (.common:g_ucLED3Pin)

.stack     0    2003f800    00000800     UNINITIALIZED
                  2003f800    00000004     rtsv7M4_T_le_v4SPD16_eabi.lib : boot_cortex_m.c.obj (.stack)
                  2003f804    000007fc     --HOLE--

MODULE SUMMARY

       Module                       code    ro data   rw data
       ------                       ----    -------   -------
    .\
       startup_ccs.obj              14      1024      0      
       gpio_if.obj                  920     0         35     
       main.obj                     840     0         0      
       uart_if.obj                  640     0         4      
       pin_mux_config.obj           312     0         0      
    +--+----------------------------+-------+---------+---------+
       Total:                       2726    1024      39     
                                                             
    C:/TI/CC3200SDK_1.3.0/cc3200-sdk/driverlib/ccs/Release/driverlib.a
       prcm.obj                     800     168       0      
       interrupt.obj                314     340       0      
       pin.obj                      274     256       0      
       gpio.obj                     388     0         0      
       uart.obj                     284     0         0      
       cpu.obj                      20      0         0      
       utils.obj                    6       0         0      
    +--+----------------------------+-------+---------+---------+
       Total:                       2086    764       0      
                                                             
    C:\TI\ccs900\ccs\tools\compiler\ti-cgt-arm_18.12.1.LTS\lib\rtsv7M4_T_le_v4SPD16_eabi.lib
       _printfi.c.obj               4851    0         0      
       memory.c.obj                 892     0         8      
       fd_add_t2.asm.obj            438     0         0      
       fd_div_t2.asm.obj            310     0         0      
       s_scalbn.c.obj               272     0         0      
       fd_cmp_t2.asm.obj            268     0         0      
       ctype.c.obj                  0       257       0      
       fd_mul_t2.asm.obj            252     0         0      
       memcpy_t2.asm.obj            156     0         0      
       ull_div_t2.asm.obj           150     0         0      
       vsnprintf.c.obj              136     0         0      
       memset_t2.asm.obj            122     0         0      
       copy_decompress_lzss.c.obj   104     0         0      
       s_frexp.c.obj                100     0         0      
       ltoa.c.obj                   84      0         0      
       atoi.c.obj                   76      0         0      
       fd_toi_t2.asm.obj            72      0         0      
       autoinit.c.obj               68      0         0      
       boot_cortex_m.c.obj          52      0         0      
       i_tofd_t2.asm.obj            46      0         0      
       memmov.c.obj                 36      0         0      
       memccpy.c.obj                28      0         0      
       s_copysign.c.obj             26      0         0      
       strchr.c.obj                 22      0         0      
       strlen.c.obj                 20      0         0      
       copy_zero_init.c.obj         18      0         0      
       wcslen.c.obj                 18      0         0      
       copy_decompress_none.c.obj   14      0         0      
       errno.c.obj                  8       0         4      
       _lock.c.obj                  2       0         8      
       exit.c.obj                   4       0         0      
       pre_init.c.obj               4       0         0      
       div0.asm.obj                 2       0         0      
    +--+----------------------------+-------+---------+---------+
       Total:                       8651    257       20     
                                                             
       Heap:                        0       0         2048   
       Stack:                       0       0         2048   
       Linker Generated:            0       68        0      
    +--+----------------------------+-------+---------+---------+
       Grand Total:                 13463   2113      4155   


LINKER GENERATED COPY TABLES

__TI_cinit_table @ 20007ce8 records: 2, size/record: 8, table size: 16
	.data: load addr=20007cb0, load size=00000020 bytes, run addr=2001d800, run size=00000034 bytes, compression=lzss
	.bss: load addr=20007ce0, load size=00000008 bytes, run addr=2001d834, run size=00000007 bytes, compression=zero_init


LINKER GENERATED HANDLER TABLE

__TI_handler_table @ 20007cd0 records: 3, size/record: 4, table size: 12
	index: 0, handler: __TI_decompress_lzss
	index: 1, handler: __TI_decompress_none
	index: 2, handler: __TI_zero_init


GLOBAL SYMBOLS: SORTED ALPHABETICALLY BY Name 

address   name                          
-------   ----                          
200078ab  C$$EXIT                       
200077f5  CPUcpsie                      
20005571  ClearTerm                     
2000557b  Error                         
2000745d  GPIODirModeSet                
20007809  GPIOIntClear                  
2000771d  GPIOIntEnable                 
2000768d  GPIOIntRegister               
20006d69  GPIOIntTypeSet                
2000776b  GPIOPinRead                   
2000764d  GPIOPinWrite                  
20005111  GPIO_IF_ConfigureNIntEnable   
2000519d  GPIO_IF_Get                   
200050cb  GPIO_IF_GetPortNPin           
20004e8d  GPIO_IF_LedConfigure          
20004f7f  GPIO_IF_LedOff                
20004ecb  GPIO_IF_LedOn                 
20005033  GPIO_IF_LedStatus             
2000509d  GPIO_IF_LedToggle             
20005159  GPIO_IF_Set                   
200055b3  GetCmd                        
20005531  InitTerm                      
20006965  IntEnable                     
20007885  IntMasterEnable               
20007145  IntPrioritySet                
2000766d  IntRegister                   
2000781d  IntVTableBaseSet              
2000554f  Message                       
20005da9  PRCMCC3200MCUInit             
200077b3  PRCMHIBRegRead                
200077c9  PRCMHIBRegWrite               
200075b5  PRCMPeripheralClkDisable      
20007421  PRCMPeripheralClkEnable       
20006b41  PRCMPeripheralClockGet        
20007095  PRCMPeripheralReset           
20007589  PRCMSysResetCauseGet          
20006bd5  PinConfigSet                  
20007361  PinModeSet                    
2000605d  PinMuxConfig                  
200074c9  PinTypeGPIO                   
20007737  PinTypeUART                   
200056f1  Report                        
20007877  ResetISR                      
20005659  TrimSpace                     
200076c9  UARTCharGetNonBlocking        
200076ab  UARTCharPut                   
20007783  UARTCharsAvail                
20006ee3  UARTConfigSetExpClk           
200074f9  UARTDisable                   
20007605  UARTEnable                    
200078a1  UtilsDelay                    
20040000  __STACK_END                   
00000800  __STACK_SIZE                  
00000800  __SYSMEM_SIZE                 
20007ce8  __TI_CINIT_Base               
20007cf8  __TI_CINIT_Limit              
20007cd0  __TI_Handler_Table_Base       
20007cdc  __TI_Handler_Table_Limit      
2000731d  __TI_auto_init_nobinit_nopinit
20006fc7  __TI_decompress_lzss          
20007869  __TI_decompress_none          
ffffffff  __TI_pprof_out_hndl           
20004401  __TI_printfi                  
ffffffff  __TI_prof_data_size           
ffffffff  __TI_prof_data_start          
20007cb0  __TI_static_base__            
20007845  __TI_zero_init_nomemset       
20006c5d  __aeabi_cdcmpeq               
20006c5d  __aeabi_cdcmple               
20006ce3  __aeabi_cdrcmple              
200072d5  __aeabi_d2iz                  
20005bfb  __aeabi_dadd                  
20006195  __aeabi_ddiv                  
20006501  __aeabi_dmul                  
20005bf1  __aeabi_dsub                  
20007891  __aeabi_errno_addr            
20007559  __aeabi_i2d                   
20005da7  __aeabi_idiv0                 
20005da7  __aeabi_ldiv0                 
20006e69  __aeabi_memclr                
20006e69  __aeabi_memclr4               
20006e69  __aeabi_memclr8               
20006a0d  __aeabi_memcpy                
20006a0d  __aeabi_memcpy4               
20006a0d  __aeabi_memcpy8               
20006e6b  __aeabi_memset                
20006e6b  __aeabi_memset4               
20006e6b  __aeabi_memset8               
20006aa9  __aeabi_uldivmod              
ffffffff  __binit__                     
ffffffff  __c_args__                    
UNDEFED   __mpu_init                    
2003f800  __stack                       
20007495  _c_int00_noargs               
200078b0  _ctypes_                      
2001d820  _lock                         
20004e4f  _nop                          
2001d000  _sys_memory                   
UNDEFED   _system_post_cinit            
200078a7  _system_pre_init              
2001d824  _unlock                       
200078ab  abort                         
200065fd  aligned_alloc                 
20007241  atoi                          
ffffffff  binit                         
20005269  blinkAll                      
20005227  checkInput                    
20007751  copysign                      
20007751  copysignl                     
200052c7  countUp                       
2001d830  errno                         
200066f1  free                          
20007031  frexp                         
20007031  frexpl                        
20004000  g_pfnVectors                  
2001d838  g_ucLED1Pin                   
2001d839  g_ucLED2Pin                   
2001d83a  g_ucLED3Pin                   
2001d814  g_uiLED1Port                  
2001d818  g_uiLED2Port                  
2001d81c  g_uiLED3Port                  
200063f1  ldexp                         
200063f1  ldexpl                        
20007199  ltoa                          
20005391  main                          
20007899  malloc                        
200065fd  memalign                      
20007701  memccpy                       
20006a0d  memcpy                        
20007629  memmove                       
20006e71  memset                        
200067d9  realloc                       
200063f1  scalbn                        
200063f1  scalbnl                       
200077df  strchr                        
20007831  strlen                        
200073a1  vsnprintf                     
20007857  wcslen                        


GLOBAL SYMBOLS: SORTED BY Symbol Address 

address   name                          
-------   ----                          
00000800  __STACK_SIZE                  
00000800  __SYSMEM_SIZE                 
20004000  g_pfnVectors                  
20004401  __TI_printfi                  
20004e4f  _nop                          
20004e8d  GPIO_IF_LedConfigure          
20004ecb  GPIO_IF_LedOn                 
20004f7f  GPIO_IF_LedOff                
20005033  GPIO_IF_LedStatus             
2000509d  GPIO_IF_LedToggle             
200050cb  GPIO_IF_GetPortNPin           
20005111  GPIO_IF_ConfigureNIntEnable   
20005159  GPIO_IF_Set                   
2000519d  GPIO_IF_Get                   
20005227  checkInput                    
20005269  blinkAll                      
200052c7  countUp                       
20005391  main                          
20005531  InitTerm                      
2000554f  Message                       
20005571  ClearTerm                     
2000557b  Error                         
200055b3  GetCmd                        
20005659  TrimSpace                     
200056f1  Report                        
20005bf1  __aeabi_dsub                  
20005bfb  __aeabi_dadd                  
20005da7  __aeabi_idiv0                 
20005da7  __aeabi_ldiv0                 
20005da9  PRCMCC3200MCUInit             
2000605d  PinMuxConfig                  
20006195  __aeabi_ddiv                  
200063f1  ldexp                         
200063f1  ldexpl                        
200063f1  scalbn                        
200063f1  scalbnl                       
20006501  __aeabi_dmul                  
200065fd  aligned_alloc                 
200065fd  memalign                      
200066f1  free                          
200067d9  realloc                       
20006965  IntEnable                     
20006a0d  __aeabi_memcpy                
20006a0d  __aeabi_memcpy4               
20006a0d  __aeabi_memcpy8               
20006a0d  memcpy                        
20006aa9  __aeabi_uldivmod              
20006b41  PRCMPeripheralClockGet        
20006bd5  PinConfigSet                  
20006c5d  __aeabi_cdcmpeq               
20006c5d  __aeabi_cdcmple               
20006ce3  __aeabi_cdrcmple              
20006d69  GPIOIntTypeSet                
20006e69  __aeabi_memclr                
20006e69  __aeabi_memclr4               
20006e69  __aeabi_memclr8               
20006e6b  __aeabi_memset                
20006e6b  __aeabi_memset4               
20006e6b  __aeabi_memset8               
20006e71  memset                        
20006ee3  UARTConfigSetExpClk           
20006fc7  __TI_decompress_lzss          
20007031  frexp                         
20007031  frexpl                        
20007095  PRCMPeripheralReset           
20007145  IntPrioritySet                
20007199  ltoa                          
20007241  atoi                          
200072d5  __aeabi_d2iz                  
2000731d  __TI_auto_init_nobinit_nopinit
20007361  PinModeSet                    
200073a1  vsnprintf                     
20007421  PRCMPeripheralClkEnable       
2000745d  GPIODirModeSet                
20007495  _c_int00_noargs               
200074c9  PinTypeGPIO                   
200074f9  UARTDisable                   
20007559  __aeabi_i2d                   
20007589  PRCMSysResetCauseGet          
200075b5  PRCMPeripheralClkDisable      
20007605  UARTEnable                    
20007629  memmove                       
2000764d  GPIOPinWrite                  
2000766d  IntRegister                   
2000768d  GPIOIntRegister               
200076ab  UARTCharPut                   
200076c9  UARTCharGetNonBlocking        
20007701  memccpy                       
2000771d  GPIOIntEnable                 
20007737  PinTypeUART                   
20007751  copysign                      
20007751  copysignl                     
2000776b  GPIOPinRead                   
20007783  UARTCharsAvail                
200077b3  PRCMHIBRegRead                
200077c9  PRCMHIBRegWrite               
200077df  strchr                        
200077f5  CPUcpsie                      
20007809  GPIOIntClear                  
2000781d  IntVTableBaseSet              
20007831  strlen                        
20007845  __TI_zero_init_nomemset       
20007857  wcslen                        
20007869  __TI_decompress_none          
20007877  ResetISR                      
20007885  IntMasterEnable               
20007891  __aeabi_errno_addr            
20007899  malloc                        
200078a1  UtilsDelay                    
200078a7  _system_pre_init              
200078ab  C$$EXIT                       
200078ab  abort                         
200078b0  _ctypes_                      
20007cb0  __TI_static_base__            
20007cd0  __TI_Handler_Table_Base       
20007cdc  __TI_Handler_Table_Limit      
20007ce8  __TI_CINIT_Base               
20007cf8  __TI_CINIT_Limit              
2001d000  _sys_memory                   
2001d814  g_uiLED1Port                  
2001d818  g_uiLED2Port                  
2001d81c  g_uiLED3Port                  
2001d820  _lock                         
2001d824  _unlock                       
2001d830  errno                         
2001d838  g_ucLED1Pin                   
2001d839  g_ucLED2Pin                   
2001d83a  g_ucLED3Pin                   
2003f800  __stack                       
20040000  __STACK_END                   
ffffffff  __TI_pprof_out_hndl           
ffffffff  __TI_prof_data_size           
ffffffff  __TI_prof_data_start          
ffffffff  __binit__                     
ffffffff  __c_args__                    
ffffffff  binit                         
UNDEFED   __mpu_init                    
UNDEFED   _system_post_cinit            

[138 symbols]
